// Jest Snapshot v1, https://goo.gl/fbAQLP

exports[`Rates selectors selectAllAssetRateDetails should select all asset rate details 1`] = `
[
  {
    "askPrice": "28,092.65",
    "askPriceUnformatted": "28092.65",
    "askPriceValue": 28092.65,
    "base": "BTC",
    "bidPrice": "27,994.49",
    "bidPriceUnformatted": "27994.49",
    "bidPriceValue": 27994.49,
    "fullName": "Bitcoin",
    "id": "BTC/EUR",
    "marketPrice": "28,043.57",
    "marketPriceValue": 28043.57,
    "pair": "BTC/EUR",
    "quote": "EUR",
    "selected": true,
    "timestamp": 1688593185820,
  },
  {
    "askPrice": "1,761.87",
    "askPriceUnformatted": "1761.87",
    "askPriceValue": 1761.87,
    "base": "ETH",
    "bidPrice": "1,756.58",
    "bidPriceUnformatted": "1756.58",
    "bidPriceValue": 1756.58,
    "fullName": "Ethereum",
    "id": "ETH/EUR",
    "marketPrice": "1,759.23",
    "marketPriceValue": 1759.225,
    "pair": "ETH/EUR",
    "quote": "EUR",
    "selected": false,
    "timestamp": 1688593185916,
  },
  {
    "askPrice": "8.62",
    "askPriceUnformatted": "8.616255025",
    "askPriceValue": 8.616255025,
    "base": "ATOM",
    "bidPrice": "8.59",
    "bidPriceUnformatted": "8.590444975",
    "bidPriceValue": 8.590444975,
    "fullName": "Cosmos",
    "id": "ATOM/EUR",
    "marketPrice": "8.60",
    "marketPriceValue": 8.60335,
    "pair": "ATOM/EUR",
    "quote": "EUR",
    "selected": false,
    "timestamp": 1688593187317,
  },
  {
    "askPrice": "2.04",
    "askPriceUnformatted": "2.04",
    "askPriceValue": 2.04,
    "base": "JLT-F23",
    "bidPrice": "2.02",
    "bidPriceUnformatted": "2.02",
    "bidPriceValue": 2.02,
    "fullName": "JLT-F23",
    "id": "JLT-F23/EUR",
    "marketPrice": "2.03",
    "marketPriceValue": 2.03,
    "pair": "JLT-F23/EUR",
    "quote": "EUR",
    "selected": false,
    "timestamp": 1688593185820,
  },
]
`;

exports[`Rates selectors selectSelectedAssetRateDetails should select selected asset rate details 1`] = `
{
  "askPrice": "28,092.65",
  "askPriceUnformatted": "28092.65",
  "askPriceValue": 28092.65,
  "base": "BTC",
  "bidPrice": "27,994.49",
  "bidPriceUnformatted": "27994.49",
  "bidPriceValue": 27994.49,
  "fullName": "Bitcoin",
  "id": "BTC/EUR",
  "marketPrice": "28,043.57",
  "marketPriceValue": 28043.57,
  "pair": "BTC/EUR",
  "quote": "EUR",
  "timestamp": 1688593185820,
}
`;
